node.exe : [1A[2K[2m[WebServer] [22m[quartostone] ✓ 
Watching F:\Projects\GitHub\quartostone\quartostone\test
s\e2e\fixtures\workspace\pages for changes
At C:\Program Files\nodejs\npx.ps1:29 char:3
+   & $NODE_EXE $NPX_CLI_JS $args
+   ~~~~~~~~~~~~~~~~~~~~~~~~~~~~~
    + CategoryInfo          : NotSpecified: (    
[1A[2K[2m[We...ges for changes:String) [    ], 
RemoteException
    + FullyQualifiedErrorId : NativeCommandErr    or
 

[1A[2K[2m[WebServer] [22m[e2e-server] Quartostone E2E server running at http://localhost:4343


Running 1 test using 1 worker

[1A[2K[1/1] [chromium] › tests\e2e\visual\system\theme.spec.ts:20:3 › Visual Editor - Theme Synchronization › Visual editor inherits and updates theme correctly
[1A[2K[chromium] › tests\e2e\visual\system\theme.spec.ts:20:3 › Visual Editor - Theme Synchronization › Visual editor inherits and updates theme correctly
ACTUAL BG COLOR:  rgba(0, 0, 0, 0)

[1A[2K  1) [chromium] › tests\e2e\visual\system\theme.spec.ts:20:3 › Visual Editor - Theme Synchronization › Visual editor inherits and updates theme correctly 

    Error: [2mexpect([22m[31mreceived[39m[2m).[22mtoBe[2m([22m[32mexpected[39m[2m) // Object.is equality[22m

    Expected: [32m"rgb[7m(31, 31, 31[27m)"[39m
    Received: [31m"rgb[7ma(0, 0, 0, 0[27m)"[39m

      39 |     console.log("ACTUAL BG COLOR: ", bgColor);
      40 |     // Dark mode bg is expected to be roughly #1f1f1f which is rgb(31, 31, 31)
    > 41 |     expect(bgColor).toBe('rgb(31, 31, 31)');
         |                     ^
      42 |
      43 |     // 2. Switch to Light Mode
      44 |     await page.locator('#btn-theme').click();
        at F:\Projects\GitHub\quartostone\quartostone\tests\e2e\visual\system\theme.spec.ts:41:21

    attachment #1: screenshot (image/png) ──────────────────────────────────────────────────────────
    test-results\visual-system-theme-Visual-6caef-and-updates-theme-correctly-chromium\test-failed-1.png
    ────────────────────────────────────────────────────────────────────────────────────────────────

    attachment #2: video (video/webm) ──────────────────────────────────────────────────────────────
    test-results\visual-system-theme-Visual-6caef-and-updates-theme-correctly-chromium\video.webm
    ────────────────────────────────────────────────────────────────────────────────────────────────

    Error Context: test-results\visual-system-theme-Visual-6caef-and-updates-theme-correctly-chromium\error-context.md


[1A[2K  1 failed
    [chromium] › tests\e2e\visual\system\theme.spec.ts:20:3 › Visual Editor - Theme Synchronization › Visual editor inherits and updates theme correctly 

[36m  Serving HTML report at http://localhost:60902. Press Ctrl+C to quit.[39m
